[
  {
    "profile": "uniform",
    "target": 0.001,
    "lane": "cold",
    "rows": 3608,
    "converged": 3608,
    "time_ms": {
      "p50": 0.3348725,
      "p90": 0.6016355000000001,
      "p95": 0.7048023999999996,
      "p99": 2.9239692299999986,
      "max": 51.684671
    },
    "vbm_ms_median": 0.061368540627881885,
    "paired_speedup_median": 0.18357730954095083,
    "faster_fraction": 0.001385809312638581,
    "error": {
      "p50": 1.875333052736572e-07,
      "p95": 1.1272173732901312e-05,
      "p99": 3.084902848445646e-05,
      "max": 0.000271190456322401
    },
    "reference_excess": 0,
    "qrho_populated": 144
  },
  {
    "profile": "uniform",
    "target": 0.001,
    "lane": "warm",
    "rows": 3608,
    "converged": 3608,
    "time_ms": {
      "p50": 0.23517,
      "p90": 0.5090594,
      "p95": 0.5985958499999996,
      "p99": 0.9000690699999984,
      "max": 51.512401
    },
    "vbm_ms_median": 0.061368540627881885,
    "paired_speedup_median": 0.28976390534540236,
    "faster_fraction": 0.00582039911308204,
    "error": {
      "p50": 1.875333052736572e-07,
      "p95": 1.1272173732901312e-05,
      "p99": 3.084902848445646e-05,
      "max": 0.000271190456322401
    },
    "reference_excess": 0,
    "qrho_populated": 144
  },
  {
    "profile": "uniform",
    "target": 0.001,
    "lane": "radial",
    "rows": 3608,
    "converged": 3608,
    "time_ms": {
      "p50": 0.0783205,
      "p90": 0.13953169999999998,
      "p95": 0.16476984999999994,
      "p99": 0.2321462099999999,
      "max": 0.397632
    },
    "vbm_ms_median": 0.061368540627881885,
    "paired_speedup_median": 0.8322167093863801,
    "faster_fraction": 0.3032150776053215,
    "error": {
      "p50": 1.875333052736572e-07,
      "p95": 1.1272173732901312e-05,
      "p99": 3.084902848445646e-05,
      "max": 0.000271190456322401
    },
    "reference_excess": 0,
    "qrho_populated": 144
  },
  {
    "profile": "uniform",
    "target": 0.0001,
    "lane": "cold",
    "rows": 3608,
    "converged": 3608,
    "time_ms": {
      "p50": 0.364669,
      "p90": 0.642695,
      "p95": 0.7577758499999995,
      "p99": 2.93330232,
      "max": 51.749924
    },
    "vbm_ms_median": 0.10750297224149108,
    "paired_speedup_median": 0.2933134403416332,
    "faster_fraction": 0.01746119733924612,
    "error": {
      "p50": 3.558308764306517e-08,
      "p95": 8.946753271010729e-07,
      "p99": 2.9810308370448075e-06,
      "max": 0.00027068966987298104
    },
    "reference_excess": 1,
    "qrho_populated": 144
  },
  {
    "profile": "uniform",
    "target": 0.0001,
    "lane": "warm",
    "rows": 3608,
    "converged": 3608,
    "time_ms": {
      "p50": 0.27566650000000004,
      "p90": 0.5520364,
      "p95": 0.6583512499999994,
      "p99": 1.0114173699999993,
      "max": 51.58512
    },
    "vbm_ms_median": 0.10750297224149108,
    "paired_speedup_median": 0.4232685159195084,
    "faster_fraction": 0.037694013303769404,
    "error": {
      "p50": 3.558308764306517e-08,
      "p95": 8.946753271010729e-07,
      "p99": 2.9810308370448075e-06,
      "max": 0.00027068966987298104
    },
    "reference_excess": 1,
    "qrho_populated": 144
  },
  {
    "profile": "uniform",
    "target": 0.0001,
    "lane": "radial",
    "rows": 3608,
    "converged": 3608,
    "time_ms": {
      "p50": 0.1017255,
      "p90": 0.18228080000000008,
      "p95": 0.22036464999999963,
      "p99": 0.33932808999999875,
      "max": 0.664842
    },
    "vbm_ms_median": 0.10750297224149108,
    "paired_speedup_median": 1.0498333522717598,
    "faster_fraction": 0.561529933481153,
    "error": {
      "p50": 3.558308764306517e-08,
      "p95": 8.946753271010729e-07,
      "p99": 2.9810308370448075e-06,
      "max": 0.00027068966987298104
    },
    "reference_excess": 1,
    "qrho_populated": 144
  },
  {
    "profile": "linear",
    "target": 0.001,
    "lane": "cold",
    "rows": 3608,
    "converged": 3608,
    "time_ms": {
      "p50": 0.3798235,
      "p90": 0.6578544000000001,
      "p95": 0.7661178999999997,
      "p99": 2.952467529999997,
      "max": 51.833171
    },
    "vbm_ms_median": 0.31445600325241685,
    "paired_speedup_median": 0.8144256383763726,
    "faster_fraction": 0.44927937915742794,
    "error": {
      "p50": 1.2647576259627868e-06,
      "p95": 1.320706309133612e-05,
      "p99": 3.133820909530388e-05,
      "max": 0.00021694995396426275
    },
    "reference_excess": 0,
    "qrho_populated": 144
  },
  {
    "profile": "linear",
    "target": 0.001,
    "lane": "warm",
    "rows": 3608,
    "converged": 3608,
    "time_ms": {
      "p50": 0.2871855,
      "p90": 0.5647389,
      "p95": 0.6599572499999997,
      "p99": 0.9805593899999975,
      "max": 51.65953
    },
    "vbm_ms_median": 0.31445600325241685,
    "paired_speedup_median": 1.1633405463949753,
    "faster_fraction": 0.5496119733924612,
    "error": {
      "p50": 1.2647576259627868e-06,
      "p95": 1.320706309133612e-05,
      "p99": 3.133820909530388e-05,
      "max": 0.00021694995396426275
    },
    "reference_excess": 0,
    "qrho_populated": 144
  },
  {
    "profile": "linear",
    "target": 0.001,
    "lane": "radial",
    "rows": 3608,
    "converged": 3608,
    "time_ms": {
      "p50": 0.10698250000000001,
      "p90": 0.21968530000000003,
      "p95": 0.25770394999999996,
      "p99": 0.3260837,
      "max": 0.621539
    },
    "vbm_ms_median": 0.31445600325241685,
    "paired_speedup_median": 2.97954044442611,
    "faster_fraction": 0.7985033259423503,
    "error": {
      "p50": 1.2647576259627868e-06,
      "p95": 1.320706309133612e-05,
      "p99": 3.133820909530388e-05,
      "max": 0.00021694995396426275
    },
    "reference_excess": 0,
    "qrho_populated": 144
  },
  {
    "profile": "linear",
    "target": 0.0001,
    "lane": "cold",
    "rows": 3608,
    "converged": 3608,
    "time_ms": {
      "p50": 0.420352,
      "p90": 0.7275906000000002,
      "p95": 0.8340548,
      "p99": 3.0042953799999927,
      "max": 51.801263
    },
    "vbm_ms_median": 1.3053735019639134,
    "paired_speedup_median": 3.156592225223699,
    "faster_fraction": 0.8201219512195121,
    "error": {
      "p50": 6.653132011424923e-07,
      "p95": 7.935894923105645e-06,
      "p99": 1.5253805656466579e-05,
      "max": 0.0002177763059513227
    },
    "reference_excess": 2,
    "qrho_populated": 144
  },
  {
    "profile": "linear",
    "target": 0.0001,
    "lane": "warm",
    "rows": 3608,
    "converged": 3608,
    "time_ms": {
      "p50": 0.3335635,
      "p90": 0.6339980000000001,
      "p95": 0.7468794499999996,
      "p99": 1.192574789999999,
      "max": 51.729997
    },
    "vbm_ms_median": 1.3053735019639134,
    "paired_speedup_median": 4.299320324274604,
    "faster_fraction": 0.8569844789356984,
    "error": {
      "p50": 6.653132011424923e-07,
      "p95": 7.935894923105645e-06,
      "p99": 1.5253805656466579e-05,
      "max": 0.0002177763059513227
    },
    "reference_excess": 2,
    "qrho_populated": 144
  },
  {
    "profile": "linear",
    "target": 0.0001,
    "lane": "radial",
    "rows": 3608,
    "converged": 3608,
    "time_ms": {
      "p50": 0.145106,
      "p90": 0.29357710000000015,
      "p95": 0.3508699999999999,
      "p99": 0.4834662599999982,
      "max": 0.767279
    },
    "vbm_ms_median": 1.3053735019639134,
    "paired_speedup_median": 9.482117810968639,
    "faster_fraction": 0.9329268292682927,
    "error": {
      "p50": 6.653132011424923e-07,
      "p95": 7.935894923105645e-06,
      "p99": 1.5253805656466579e-05,
      "max": 0.0002177763059513227
    },
    "reference_excess": 2,
    "qrho_populated": 144
  }
]
