loaded 108 cases reps=3 trajectory_epochs=4 n_r=64
PROFILE cold_value cases=108 wall_ms p50=0.596123 p90=1.169598 p95=1.316687 p99=1.755612 max=1.803374 status_ok=108 status_bad=0 max_mu_ref=2.044e-13 max_grad_ref=0.000e+00
  calls radial_events=108 classify=108 cells=1370 nodes=27520
  D14 calls=108 struct=108 horner=0 dd=0 qf_warm=8 qf_cold=0 warm_seed=0 sweeps(pre/dd/qfw/qfc)=20924/0/12/0 active(calls/sweeps/skips)=108/20924/58668
  D14Real calls=108 mixed/dangerous pairs=158982/1906 nonconverged=0 full-recompute-rows=0 local-calls/rows=108/1906 direct-warm attempt/success/reject=0/0/0 newton-ok/nonfinite=0/0 fold-seed attempt/success/fallback=674/652/22
  D14 certificate root_count/conjugacy/vieta/completeness/close_pairs=0/0/0/0/52
  D14 lifted attempts/success/cert-fail=0/0/0
  D14 lifted fail seed/newton/scalar/lift/conj/vieta/recon=0/0/0/0/0/0/0
  D14 lifted max reconstruction error=0.000e+00
  D14 hybrid attempts/success/cert-fail=0/0/0 cheap/struct/unsafe=0/0/0 time_ms=0
  topology probes=1370 grid512/3072/4096=0/0/0 escalations=0 uncertain=0 sturm calls/double/dd/qf/ambig=1370/1370/0/0/0 mismatch/repair/fail=0/0/0
  roots quartic warm/cold/hits=9990/430/9990 pair calls/warm/cold=18150/17100/1050 pred/newton/branch=238/130/372 iters=18390 guards(tmax/vfloor/gap/resid)=14/128/0/2
  radial terms/value calls=0/27520 jac_nodes=0 f0_arcs=0 endpoint=59136 full=0 empty=0 degenerate=0 reciprocal attempts/success/fail=0/0/0
  K attempts/success/reject=10238/9680/558 mid_attempt/success/reject=0/0/0 reason nonfinite/vfloor/tmax/S2/B/disagree=0/0/0/0/0/558 arc=4546 angular rescue calls/nodes=5104/326656
  K arc rejects endpoint/nonfinite/order/tmax/vfloor=0/0/1536/2256/754
  K reciprocal attempts/success/reject=0/0/0 time_ms=0
  K reject affected cases nonfinite/vfloor/tmax/S2/B/disagree/arc=0/0/0/0/0/10/33
  K rescue ms/case disagreement p50=0.255519 p90=0.437191 p99=0.507519 max=0.515333
  K rescue ms/case arc          p50=0.179480 p90=0.309880 p99=0.487549 max=0.515333
  time ms radial=34.1716 d14(coeff/struct/expand/solve)=0/0.211774/0.821045/32.5554 d14 inner(pre/dd/qf/validate)=14.5008/0/1.50502/0.061723 topology=36.0726 grid=0 arc=20.5358 pair=5.55071 endpoint=8.71412 f0=0 K=1.63701 Kmid=0 rescue=5.77544
  D14Real/screen/fold-seed ms=10.0144/0/0.033911
  event physical_real/complex/soft/chart_p4/rep=632/374/360/68/0
  derived K reject rate=5.450% rescue_ms_per_call=0.001132 D14 solve ms/call=0.301439
PROFILE cold_value_jac cases=108 wall_ms p50=0.692063 p90=1.495535 p95=1.760153 p99=2.119407 max=2.146024 status_ok=108 status_bad=0 max_mu_ref=2.044e-13 max_grad_ref=1.218e-04
  calls radial_events=108 classify=108 cells=1370 nodes=27520
  D14 calls=108 struct=108 horner=0 dd=0 qf_warm=8 qf_cold=0 warm_seed=0 sweeps(pre/dd/qfw/qfc)=20924/0/12/0 active(calls/sweeps/skips)=108/20924/58668
  D14Real calls=108 mixed/dangerous pairs=158982/1906 nonconverged=0 full-recompute-rows=0 local-calls/rows=108/1906 direct-warm attempt/success/reject=0/0/0 newton-ok/nonfinite=0/0 fold-seed attempt/success/fallback=674/652/22
  D14 certificate root_count/conjugacy/vieta/completeness/close_pairs=0/0/0/0/52
  D14 lifted attempts/success/cert-fail=0/0/0
  D14 lifted fail seed/newton/scalar/lift/conj/vieta/recon=0/0/0/0/0/0/0
  D14 lifted max reconstruction error=0.000e+00
  D14 hybrid attempts/success/cert-fail=0/0/0 cheap/struct/unsafe=0/0/0 time_ms=0
  topology probes=1370 grid512/3072/4096=0/0/0 escalations=0 uncertain=0 sturm calls/double/dd/qf/ambig=1370/1370/0/0/0 mismatch/repair/fail=0/0/0
  roots quartic warm/cold/hits=9990/430/9990 pair calls/warm/cold=18150/17100/1050 pred/newton/branch=238/130/372 iters=18390 guards(tmax/vfloor/gap/resid)=14/128/0/2
  radial terms/value calls=27520/0 jac_nodes=27520 f0_arcs=29568 endpoint=59136 full=0 empty=0 degenerate=0 reciprocal attempts/success/fail=0/0/0
  K attempts/success/reject=20476/19360/1116 mid_attempt/success/reject=0/0/0 reason nonfinite/vfloor/tmax/S2/B/disagree=0/0/0/0/0/1116 arc=9092 angular rescue calls/nodes=10208/653312
  K arc rejects endpoint/nonfinite/order/tmax/vfloor=0/0/3072/4512/1508
  K reciprocal attempts/success/reject=0/0/0 time_ms=0
  K reject affected cases nonfinite/vfloor/tmax/S2/B/disagree/arc=0/0/0/0/0/20/66
  K rescue ms/case disagreement p50=0.332775 p90=0.562288 p99=0.678250 max=0.683670
  K rescue ms/case arc          p50=0.233677 p90=0.412581 p99=0.665127 max=0.683670
  time ms radial=33.904 d14(coeff/struct/expand/solve)=0/0.203607/0.814502/32.3161 d14 inner(pre/dd/qf/validate)=14.4192/0/1.52552/0.061437 topology=35.7904 grid=0 arc=20.6209 pair=5.58767 endpoint=8.7615 f0=12.0558 K=3.28382 Kmid=0 rescue=15.0276
  D14Real/screen/fold-seed ms=9.97742/0/0.033472
  event physical_real/complex/soft/chart_p4/rep=632/374/360/68/0
  derived K reject rate=5.450% rescue_ms_per_call=0.001472 D14 solve ms/call=0.299223
PROFILE warm_value_steady cases=324 wall_ms p50=0.524222 p90=0.994850 p95=1.194522 p99=2.067094 max=2.530217 status_ok=316 status_bad=8 max_mu_ref=5.864e-14 max_grad_ref=0.000e+00
  calls radial_events=324 classify=324 cells=4000 nodes=74240
  D14 calls=324 struct=324 horner=0 dd=0 qf_warm=4 qf_cold=0 warm_seed=324 sweeps(pre/dd/qfw/qfc)=18504/0/20/0 active(calls/sweeps/skips)=324/18504/61378
  D14Real calls=324 mixed/dangerous pairs=396412/3988 nonconverged=2 full-recompute-rows=0 local-calls/rows=324/3988 direct-warm attempt/success/reject=0/0/0 newton-ok/nonfinite=0/0 fold-seed attempt/success/fallback=2036/2034/2
  D14 certificate root_count/conjugacy/vieta/completeness/close_pairs=0/0/0/0/106
  D14 lifted attempts/success/cert-fail=0/0/0
  D14 lifted fail seed/newton/scalar/lift/conj/vieta/recon=0/0/0/0/0/0/0
  D14 lifted max reconstruction error=0.000e+00
  D14 hybrid attempts/success/cert-fail=0/0/0 cheap/struct/unsafe=0/0/0 time_ms=0
  topology probes=4000 grid512/3072/4096=0/0/0 escalations=0 uncertain=0 sturm calls/double/dd/qf/ambig=4000/4000/0/0/0 mismatch/repair/fail=0/0/0
  roots quartic warm/cold/hits=23646/1160/23646 pair calls/warm/cold=52296/49434/2862 pred/newton/branch=726/448/1176 iters=51562 guards(tmax/vfloor/gap/resid)=42/426/0/22
  radial terms/value calls=0/74240 jac_nodes=0 f0_arcs=0 endpoint=150272 full=2048 empty=0 degenerate=0 reciprocal attempts/success/fail=0/0/0
  K attempts/success/reject=28007/26962/1045 mid_attempt/success/reject=0/0/0 reason nonfinite/vfloor/tmax/S2/B/disagree=0/0/0/0/0/1045 arc=9561 angular rescue calls/nodes=10606/678784
  K arc rejects endpoint/nonfinite/order/tmax/vfloor=0/0/2176/4817/2568
  K reciprocal attempts/success/reject=0/0/0 time_ms=0
  K reject affected cases nonfinite/vfloor/tmax/S2/B/disagree/arc=0/0/0/0/0/14/38
  K rescue ms/case disagreement p50=0.496691 p90=0.760800 p99=0.765579 max=0.766118
  K rescue ms/case arc          p50=0.274129 p90=0.679944 p99=0.764584 max=0.766118
  time ms radial=78.1877 d14(coeff/struct/expand/solve)=0/0.830098/3.24792/61.758 d14 inner(pre/dd/qf/validate)=12.2497/0/2.56031/0.264433 topology=83.5696 grid=0 arc=66.7189 pair=34.6839 endpoint=20.2046 f0=0 K=4.4217 Kmid=0 rescue=11.8414
  D14Real/screen/fold-seed ms=24.6992/0/0.109797
  event physical_real/complex/soft/chart_p4/rep=2036/1106/1106/96/0
  derived K reject rate=3.731% rescue_ms_per_call=0.001116 D14 solve ms/call=0.190611
PROFILE warm_value_jac_steady cases=324 wall_ms p50=0.651804 p90=1.299858 p95=1.760662 p99=2.971111 max=3.226976 status_ok=316 status_bad=8 max_mu_ref=5.864e-14 max_grad_ref=1.379e-03
  calls radial_events=324 classify=324 cells=4000 nodes=74240
  D14 calls=324 struct=324 horner=0 dd=0 qf_warm=4 qf_cold=0 warm_seed=324 sweeps(pre/dd/qfw/qfc)=18504/0/20/0 active(calls/sweeps/skips)=324/18504/61378
  D14Real calls=324 mixed/dangerous pairs=396412/3988 nonconverged=2 full-recompute-rows=0 local-calls/rows=324/3988 direct-warm attempt/success/reject=0/0/0 newton-ok/nonfinite=0/0 fold-seed attempt/success/fallback=2036/2034/2
  D14 certificate root_count/conjugacy/vieta/completeness/close_pairs=0/0/0/0/106
  D14 lifted attempts/success/cert-fail=0/0/0
  D14 lifted fail seed/newton/scalar/lift/conj/vieta/recon=0/0/0/0/0/0/0
  D14 lifted max reconstruction error=0.000e+00
  D14 hybrid attempts/success/cert-fail=0/0/0 cheap/struct/unsafe=0/0/0 time_ms=0
  topology probes=4000 grid512/3072/4096=0/0/0 escalations=0 uncertain=0 sturm calls/double/dd/qf/ambig=4000/4000/0/0/0 mismatch/repair/fail=0/0/0
  roots quartic warm/cold/hits=23646/1160/23646 pair calls/warm/cold=52296/49434/2862 pred/newton/branch=726/448/1176 iters=51562 guards(tmax/vfloor/gap/resid)=42/426/0/22
  radial terms/value calls=74240/0 jac_nodes=74240 f0_arcs=75136 endpoint=150272 full=2048 empty=0 degenerate=0 reciprocal attempts/success/fail=0/0/0
  K attempts/success/reject=56014/53924/2090 mid_attempt/success/reject=0/0/0 reason nonfinite/vfloor/tmax/S2/B/disagree=0/0/0/0/0/2090 arc=19122 angular rescue calls/nodes=21212/1357568
  K arc rejects endpoint/nonfinite/order/tmax/vfloor=0/0/4352/9634/5136
  K reciprocal attempts/success/reject=0/0/0 time_ms=0
  K reject affected cases nonfinite/vfloor/tmax/S2/B/disagree/arc=0/0/0/0/0/28/76
  K rescue ms/case disagreement p50=0.658307 p90=0.995755 p99=1.013255 max=1.014372
  K rescue ms/case arc          p50=0.356104 p90=0.880452 p99=1.011269 max=1.014372
  time ms radial=75.6097 d14(coeff/struct/expand/solve)=0/0.769408/2.993/60.1028 d14 inner(pre/dd/qf/validate)=12.2348/0/2.53452/0.22625 topology=80.9639 grid=0 arc=66.8439 pair=34.8364 endpoint=20.2826 f0=28.5555 K=8.8955 Kmid=0 rescue=30.9969
  D14Real/screen/fold-seed ms=24.5377/0/0.107238
  event physical_real/complex/soft/chart_p4/rep=2036/1106/1106/96/0
  derived K reject rate=3.731% rescue_ms_per_call=0.001461 D14 solve ms/call=0.185503
