loaded 115 cases reps=2 trajectory_epochs=4 n_r=64
PROFILE cold_value cases=115 wall_ms p50=0.601703 p90=1.153561 p95=1.238493 p99=1.726336 max=1.774442 status_ok=115 status_bad=0 max_mu_ref=2.044e-13 max_grad_ref=0.000e+00
  calls radial_events=115 classify=115 cells=1450 nodes=29120
  D14 calls=115 struct=115 horner=0 dd=0 qf_warm=2 qf_cold=0 warm_seed=0 sweeps(pre/dd/qfw/qfc)=19718/0/4/0 active(calls/sweeps/skips)=115/19718/68726
  D14Real calls=115 mixed/dangerous pairs=165120/25428 nonconverged=0 full-recompute-rows=1956 local-calls/rows=0/0 direct-warm attempt/success/reject=0/0/0 newton-ok/nonfinite=0/0 fold-seed attempt/success/fallback=715/692/23
  D14 certificate root_count/conjugacy/vieta/completeness/close_pairs=0/0/0/0/53
  D14 lifted attempts/success/cert-fail=0/0/0
  D14 lifted fail seed/newton/scalar/lift/conj/vieta/recon=0/0/0/0/0/0/0
  D14 lifted max reconstruction error=0.000e+00
  D14 hybrid attempts/success/cert-fail=0/0/0 cheap/struct/unsafe=0/0/0 time_ms=0
  topology probes=1450 grid512/3072/4096=0/0/0 escalations=0 uncertain=0 sturm calls/double/dd/qf/ambig=1450/1450/0/0/0 mismatch/repair/fail=0/0/0
  roots quartic warm/cold/hits=10399/455/10399 pair calls/warm/cold=19376/18266/1110 pred/newton/branch=259/134/397 iters=19556 guards(tmax/vfloor/gap/resid)=16/132/0/2
  radial terms/value calls=0/29120 jac_nodes=0 f0_arcs=0 endpoint=62336 full=0 empty=0 degenerate=0 reciprocal attempts/success/fail=0/0/0
  K attempts/success/reject=10238/9680/558 mid_attempt/success/reject=0/0/0 reason nonfinite/vfloor/tmax/S2/B/disagree=0/0/0/0/0/558 arc=4546 angular rescue calls/nodes=5104/326656
  K arc rejects endpoint/nonfinite/order/tmax/vfloor=0/0/1536/2256/754
  K reciprocal attempts/success/reject=0/0/0 time_ms=0
  K reject affected cases nonfinite/vfloor/tmax/S2/B/disagree/arc=0/0/0/0/0/10/33
  K rescue ms/case disagreement p50=0.254097 p90=0.439092 p99=0.506293 max=0.513760
  K rescue ms/case arc          p50=0.179493 p90=0.308365 p99=0.487212 max=0.513760
  time ms radial=34.0181 d14(coeff/struct/expand/solve)=0/0.226822/0.88332/32.2752 d14 inner(pre/dd/qf/validate)=12.8403/0/0.492067/0.068734 topology=36.0029 grid=0 arc=21.2884 pair=5.87383 endpoint=9.01605 f0=0 K=1.61983 Kmid=0 rescue=5.73464
  D14Real/screen/fold-seed ms=12.0421/0/0.036025
  event physical_real/complex/soft/chart_p4/rep=673/388/374/72/0
  derived K reject rate=5.450% rescue_ms_per_call=0.001124 D14 solve ms/call=0.280654
PROFILE cold_value_jac cases=115 wall_ms p50=0.663761 p90=1.417327 p95=1.681941 p99=2.106461 max=2.125643 status_ok=115 status_bad=0 max_mu_ref=2.044e-13 max_grad_ref=1.218e-04
  calls radial_events=115 classify=115 cells=1450 nodes=29120
  D14 calls=115 struct=115 horner=0 dd=0 qf_warm=2 qf_cold=0 warm_seed=0 sweeps(pre/dd/qfw/qfc)=19718/0/4/0 active(calls/sweeps/skips)=115/19718/68726
  D14Real calls=115 mixed/dangerous pairs=165120/25428 nonconverged=0 full-recompute-rows=1956 local-calls/rows=0/0 direct-warm attempt/success/reject=0/0/0 newton-ok/nonfinite=0/0 fold-seed attempt/success/fallback=715/692/23
  D14 certificate root_count/conjugacy/vieta/completeness/close_pairs=0/0/0/0/53
  D14 lifted attempts/success/cert-fail=0/0/0
  D14 lifted fail seed/newton/scalar/lift/conj/vieta/recon=0/0/0/0/0/0/0
  D14 lifted max reconstruction error=0.000e+00
  D14 hybrid attempts/success/cert-fail=0/0/0 cheap/struct/unsafe=0/0/0 time_ms=0
  topology probes=1450 grid512/3072/4096=0/0/0 escalations=0 uncertain=0 sturm calls/double/dd/qf/ambig=1450/1450/0/0/0 mismatch/repair/fail=0/0/0
  roots quartic warm/cold/hits=10399/455/10399 pair calls/warm/cold=19376/18266/1110 pred/newton/branch=259/134/397 iters=19556 guards(tmax/vfloor/gap/resid)=16/132/0/2
  radial terms/value calls=29120/0 jac_nodes=29120 f0_arcs=31168 endpoint=62336 full=0 empty=0 degenerate=0 reciprocal attempts/success/fail=0/0/0
  K attempts/success/reject=21784/20595/1189 mid_attempt/success/reject=0/0/0 reason nonfinite/vfloor/tmax/S2/B/disagree=0/0/0/0/0/1189 arc=9384 angular rescue calls/nodes=10573/676672
  K arc rejects endpoint/nonfinite/order/tmax/vfloor=0/0/3200/4658/1526
  K reciprocal attempts/success/reject=0/0/0 time_ms=0
  K reject affected cases nonfinite/vfloor/tmax/S2/B/disagree/arc=0/0/0/0/0/23/69
  K rescue ms/case disagreement p50=0.316269 p90=0.547832 p99=0.679638 max=0.680509
  K rescue ms/case arc          p50=0.233984 p90=0.408845 p99=0.677818 max=0.680509
  time ms radial=33.7818 d14(coeff/struct/expand/solve)=0/0.222684/0.873925/32.0808 d14 inner(pre/dd/qf/validate)=12.8764/0/0.513201/0.066192 topology=35.7502 grid=0 arc=21.371 pair=5.8997 endpoint=9.07916 f0=12.5366 K=3.46687 Kmid=0 rescue=15.6066
  D14Real/screen/fold-seed ms=12.0546/0/0.034777
  event physical_real/complex/soft/chart_p4/rep=673/388/374/72/0
  derived K reject rate=5.458% rescue_ms_per_call=0.001476 D14 solve ms/call=0.278963
PROFILE warm_value_steady cases=345 wall_ms p50=0.520920 p90=1.007493 p95=1.149670 p99=2.225375 max=12.086327 status_ok=334 status_bad=11 max_mu_ref=2.037e-13 max_grad_ref=0.000e+00
  calls radial_events=345 classify=345 cells=4241 nodes=79424
  D14 calls=345 struct=345 horner=0 dd=0 qf_warm=3 qf_cold=1 warm_seed=345 sweeps(pre/dd/qfw/qfc)=16580/0/3/81 active(calls/sweeps/skips)=345/16580/75185
  D14Real calls=345 mixed/dangerous pairs=394232/49426 nonconverged=0 full-recompute-rows=3802 local-calls/rows=0/0 direct-warm attempt/success/reject=0/0/0 newton-ok/nonfinite=0/0 fold-seed attempt/success/fallback=2162/2154/8
  D14 certificate root_count/conjugacy/vieta/completeness/close_pairs=0/0/0/0/109
  D14 lifted attempts/success/cert-fail=0/0/0
  D14 lifted fail seed/newton/scalar/lift/conj/vieta/recon=0/0/0/0/0/0/0
  D14 lifted max reconstruction error=0.000e+00
  D14 hybrid attempts/success/cert-fail=0/0/0 cheap/struct/unsafe=0/0/0 time_ms=0
  topology probes=4241 grid512/3072/4096=0/0/0 escalations=0 uncertain=0 sturm calls/double/dd/qf/ambig=4241/4241/0/0/0 mismatch/repair/fail=0/0/0
  roots quartic warm/cold/hits=25540/1241/25540 pair calls/warm/cold=55718/52643/3075 pred/newton/branch=783/478/1263 iters=54771 guards(tmax/vfloor/gap/resid)=45/450/0/28
  radial terms/value calls=0/79424 jac_nodes=0 f0_arcs=0 endpoint=159616 full=2560 empty=0 degenerate=0 reciprocal attempts/success/fail=0/0/0
  K attempts/success/reject=28007/26962/1045 mid_attempt/success/reject=0/0/0 reason nonfinite/vfloor/tmax/S2/B/disagree=0/0/0/0/0/1045 arc=9561 angular rescue calls/nodes=10606/678784
  K arc rejects endpoint/nonfinite/order/tmax/vfloor=0/0/2176/4817/2568
  K reciprocal attempts/success/reject=0/0/0 time_ms=0
  K reject affected cases nonfinite/vfloor/tmax/S2/B/disagree/arc=0/0/0/0/0/14/38
  K rescue ms/case disagreement p50=0.501659 p90=0.765294 p99=0.769702 max=0.770225
  K rescue ms/case arc          p50=0.275433 p90=0.678979 p99=0.768736 max=0.770225
  time ms radial=91.9155 d14(coeff/struct/expand/solve)=0/0.902348/3.49363/74.288 d14 inner(pre/dd/qf/validate)=9.99017/0/11.9255/0.297098 topology=97.6676 grid=0 arc=70.395 pair=36.7748 endpoint=21.4458 f0=0 K=4.45771 Kmid=0 rescue=11.8785
  D14Real/screen/fold-seed ms=28.1533/0/0.116245
  event physical_real/complex/soft/chart_p4/rep=2162/1152/1152/102/0
  derived K reject rate=3.731% rescue_ms_per_call=0.001120 D14 solve ms/call=0.215328
PROFILE warm_value_jac_steady cases=345 wall_ms p50=0.644172 p90=1.306845 p95=1.923701 p99=3.062229 max=12.280022 status_ok=334 status_bad=11 max_mu_ref=2.037e-13 max_grad_ref=1.379e-03
  calls radial_events=345 classify=345 cells=4241 nodes=79424
  D14 calls=345 struct=345 horner=0 dd=0 qf_warm=3 qf_cold=1 warm_seed=345 sweeps(pre/dd/qfw/qfc)=16580/0/3/81 active(calls/sweeps/skips)=345/16580/75185
  D14Real calls=345 mixed/dangerous pairs=394232/49426 nonconverged=0 full-recompute-rows=3802 local-calls/rows=0/0 direct-warm attempt/success/reject=0/0/0 newton-ok/nonfinite=0/0 fold-seed attempt/success/fallback=2162/2154/8
  D14 certificate root_count/conjugacy/vieta/completeness/close_pairs=0/0/0/0/109
  D14 lifted attempts/success/cert-fail=0/0/0
  D14 lifted fail seed/newton/scalar/lift/conj/vieta/recon=0/0/0/0/0/0/0
  D14 lifted max reconstruction error=0.000e+00
  D14 hybrid attempts/success/cert-fail=0/0/0 cheap/struct/unsafe=0/0/0 time_ms=0
  topology probes=4241 grid512/3072/4096=0/0/0 escalations=0 uncertain=0 sturm calls/double/dd/qf/ambig=4241/4241/0/0/0 mismatch/repair/fail=0/0/0
  roots quartic warm/cold/hits=25540/1241/25540 pair calls/warm/cold=55718/52643/3075 pred/newton/branch=783/478/1263 iters=54771 guards(tmax/vfloor/gap/resid)=45/450/0/28
  radial terms/value calls=79424/0 jac_nodes=79424 f0_arcs=79808 endpoint=159616 full=2560 empty=0 degenerate=0 reciprocal attempts/success/fail=0/0/0
  K attempts/success/reject=59642/57341/2301 mid_attempt/success/reject=0/0/0 reason nonfinite/vfloor/tmax/S2/B/disagree=0/0/0/0/0/2301 arc=20166 angular rescue calls/nodes=22467/1437888
  K arc rejects endpoint/nonfinite/order/tmax/vfloor=0/0/4992/9790/5384
  K reciprocal attempts/success/reject=0/0/0 time_ms=0
  K reject affected cases nonfinite/vfloor/tmax/S2/B/disagree/arc=0/0/0/0/0/32/81
  K rescue ms/case disagreement p50=0.647198 p90=1.016228 p99=1.036877 max=1.038040
  K rescue ms/case arc          p50=0.383016 p90=0.880059 p99=1.035040 max=1.038040
  time ms radial=89.024 d14(coeff/struct/expand/solve)=0/0.839202/3.24166/72.413 d14 inner(pre/dd/qf/validate)=9.9849/0/11.8697/0.258813 topology=94.7242 grid=0 arc=70.584 pair=36.8991 endpoint=21.5299 f0=30.3543 K=9.52668 Kmid=0 rescue=33.4845
  D14Real/screen/fold-seed ms=27.9853/0/0.113236
  event physical_real/complex/soft/chart_p4/rep=2162/1152/1152/102/0
  derived K reject rate=3.858% rescue_ms_per_call=0.001490 D14 solve ms/call=0.209893
