
run_start=2026-09-14T01:50:25Z arm=baseline policy=value rep=0
progress trajectories 128/1804 rows=1024
progress trajectories 256/1804 rows=2048
progress trajectories 384/1804 rows=3072
progress trajectories 512/1804 rows=4096
progress trajectories 640/1804 rows=5120
progress trajectories 768/1804 rows=6144
progress trajectories 896/1804 rows=7168
progress trajectories 1024/1804 rows=8192
progress trajectories 1152/1804 rows=9216
progress trajectories 1280/1804 rows=10240
progress trajectories 1408/1804 rows=11264
progress trajectories 1536/1804 rows=12288
progress trajectories 1664/1804 rows=13312
progress trajectories 1792/1804 rows=14336
variant=baseline policy=None rep=0 wrote=14432 trajectories=1804 sink=1.46959e+07
run_end=2026-09-14T01:51:15Z arm=baseline policy=value rep=0 rows=14434

run_start=2026-09-14T01:51:15Z arm=candidate policy=value rep=0
progress trajectories 128/1804 rows=1024
progress trajectories 256/1804 rows=2048
progress trajectories 384/1804 rows=3072
progress trajectories 512/1804 rows=4096
progress trajectories 640/1804 rows=5120
progress trajectories 768/1804 rows=6144
progress trajectories 896/1804 rows=7168
progress trajectories 1024/1804 rows=8192
progress trajectories 1152/1804 rows=9216
progress trajectories 1280/1804 rows=10240
progress trajectories 1408/1804 rows=11264
progress trajectories 1536/1804 rows=12288
progress trajectories 1664/1804 rows=13312
progress trajectories 1792/1804 rows=14336
variant=projective policy=None rep=0 wrote=14432 trajectories=1804 sink=1.46959e+07
run_end=2026-09-14T01:52:07Z arm=candidate policy=value rep=0 rows=14434

run_start=2026-09-14T01:52:07Z arm=candidate policy=value rep=1
progress trajectories 128/1804 rows=1024
progress trajectories 256/1804 rows=2048
progress trajectories 384/1804 rows=3072
progress trajectories 512/1804 rows=4096
progress trajectories 640/1804 rows=5120
progress trajectories 768/1804 rows=6144
progress trajectories 896/1804 rows=7168
progress trajectories 1024/1804 rows=8192
progress trajectories 1152/1804 rows=9216
progress trajectories 1280/1804 rows=10240
progress trajectories 1408/1804 rows=11264
progress trajectories 1536/1804 rows=12288
progress trajectories 1664/1804 rows=13312
progress trajectories 1792/1804 rows=14336
variant=projective policy=None rep=1 wrote=14432 trajectories=1804 sink=1.46959e+07
run_end=2026-09-14T01:52:59Z arm=candidate policy=value rep=1 rows=14434

run_start=2026-09-14T01:52:59Z arm=baseline policy=value rep=1
progress trajectories 128/1804 rows=1024
progress trajectories 256/1804 rows=2048
progress trajectories 384/1804 rows=3072
progress trajectories 512/1804 rows=4096
progress trajectories 640/1804 rows=5120
progress trajectories 768/1804 rows=6144
progress trajectories 896/1804 rows=7168
progress trajectories 1024/1804 rows=8192
progress trajectories 1152/1804 rows=9216
progress trajectories 1280/1804 rows=10240
progress trajectories 1408/1804 rows=11264
progress trajectories 1536/1804 rows=12288
progress trajectories 1664/1804 rows=13312
progress trajectories 1792/1804 rows=14336
variant=baseline policy=None rep=1 wrote=14432 trajectories=1804 sink=1.46959e+07
run_end=2026-09-14T01:53:50Z arm=baseline policy=value rep=1 rows=14434

run_start=2026-09-14T01:53:50Z arm=baseline policy=value rep=2
progress trajectories 128/1804 rows=1024
progress trajectories 256/1804 rows=2048
progress trajectories 384/1804 rows=3072
progress trajectories 512/1804 rows=4096
progress trajectories 640/1804 rows=5120
progress trajectories 768/1804 rows=6144
progress trajectories 896/1804 rows=7168
progress trajectories 1024/1804 rows=8192
progress trajectories 1152/1804 rows=9216
progress trajectories 1280/1804 rows=10240
progress trajectories 1408/1804 rows=11264
progress trajectories 1536/1804 rows=12288
progress trajectories 1664/1804 rows=13312
progress trajectories 1792/1804 rows=14336
variant=baseline policy=None rep=2 wrote=14432 trajectories=1804 sink=1.46959e+07
run_end=2026-09-14T01:54:41Z arm=baseline policy=value rep=2 rows=14434

run_start=2026-09-14T01:54:41Z arm=candidate policy=value rep=2
progress trajectories 128/1804 rows=1024
progress trajectories 256/1804 rows=2048
progress trajectories 384/1804 rows=3072
progress trajectories 512/1804 rows=4096
progress trajectories 640/1804 rows=5120
progress trajectories 768/1804 rows=6144
progress trajectories 896/1804 rows=7168
progress trajectories 1024/1804 rows=8192
progress trajectories 1152/1804 rows=9216
progress trajectories 1280/1804 rows=10240
progress trajectories 1408/1804 rows=11264
progress trajectories 1536/1804 rows=12288
progress trajectories 1664/1804 rows=13312
progress trajectories 1792/1804 rows=14336
variant=projective policy=None rep=2 wrote=14432 trajectories=1804 sink=1.46959e+07
run_end=2026-09-14T01:55:33Z arm=candidate policy=value rep=2 rows=14434

run_start=2026-09-14T01:55:33Z arm=baseline policy=jac rep=0
progress trajectories 128/1804 rows=1024
progress trajectories 256/1804 rows=2048
progress trajectories 384/1804 rows=3072
progress trajectories 512/1804 rows=4096
progress trajectories 640/1804 rows=5120
progress trajectories 768/1804 rows=6144
progress trajectories 896/1804 rows=7168
progress trajectories 1024/1804 rows=8192
progress trajectories 1152/1804 rows=9216
progress trajectories 1280/1804 rows=10240
progress trajectories 1408/1804 rows=11264
progress trajectories 1536/1804 rows=12288
progress trajectories 1664/1804 rows=13312
progress trajectories 1792/1804 rows=14336
variant=baseline policy=ValueFirst rep=0 wrote=14432 trajectories=1804 sink=1.46959e+07
run_end=2026-09-14T01:56:42Z arm=baseline policy=jac rep=0 rows=14434

run_start=2026-09-14T01:56:43Z arm=candidate policy=jac rep=0
progress trajectories 128/1804 rows=1024
progress trajectories 256/1804 rows=2048
progress trajectories 384/1804 rows=3072
progress trajectories 512/1804 rows=4096
progress trajectories 640/1804 rows=5120
progress trajectories 768/1804 rows=6144
progress trajectories 896/1804 rows=7168
progress trajectories 1024/1804 rows=8192
progress trajectories 1152/1804 rows=9216
progress trajectories 1280/1804 rows=10240
progress trajectories 1408/1804 rows=11264
progress trajectories 1536/1804 rows=12288
progress trajectories 1664/1804 rows=13312
progress trajectories 1792/1804 rows=14336
variant=projective policy=ValueFirst rep=0 wrote=14432 trajectories=1804 sink=1.46959e+07
run_end=2026-09-14T01:57:53Z arm=candidate policy=jac rep=0 rows=14434

run_start=2026-09-14T01:57:54Z arm=candidate policy=jac rep=1
progress trajectories 128/1804 rows=1024
progress trajectories 256/1804 rows=2048
progress trajectories 384/1804 rows=3072
progress trajectories 512/1804 rows=4096
progress trajectories 640/1804 rows=5120
progress trajectories 768/1804 rows=6144
progress trajectories 896/1804 rows=7168
progress trajectories 1024/1804 rows=8192
progress trajectories 1152/1804 rows=9216
progress trajectories 1280/1804 rows=10240
progress trajectories 1408/1804 rows=11264
progress trajectories 1536/1804 rows=12288
progress trajectories 1664/1804 rows=13312
progress trajectories 1792/1804 rows=14336
variant=projective policy=ValueFirst rep=1 wrote=14432 trajectories=1804 sink=1.46959e+07
run_end=2026-09-14T01:59:05Z arm=candidate policy=jac rep=1 rows=14434

run_start=2026-09-14T01:59:06Z arm=baseline policy=jac rep=1
progress trajectories 128/1804 rows=1024
progress trajectories 256/1804 rows=2048
progress trajectories 384/1804 rows=3072
progress trajectories 512/1804 rows=4096
progress trajectories 640/1804 rows=5120
progress trajectories 768/1804 rows=6144
progress trajectories 896/1804 rows=7168
progress trajectories 1024/1804 rows=8192
progress trajectories 1152/1804 rows=9216
progress trajectories 1280/1804 rows=10240
progress trajectories 1408/1804 rows=11264
progress trajectories 1536/1804 rows=12288
progress trajectories 1664/1804 rows=13312
progress trajectories 1792/1804 rows=14336
variant=baseline policy=ValueFirst rep=1 wrote=14432 trajectories=1804 sink=1.46959e+07
run_end=2026-09-14T02:00:14Z arm=baseline policy=jac rep=1 rows=14434

run_start=2026-09-14T02:00:15Z arm=baseline policy=jac rep=2
progress trajectories 128/1804 rows=1024
progress trajectories 256/1804 rows=2048
progress trajectories 384/1804 rows=3072
progress trajectories 512/1804 rows=4096
progress trajectories 640/1804 rows=5120
progress trajectories 768/1804 rows=6144
progress trajectories 896/1804 rows=7168
progress trajectories 1024/1804 rows=8192
progress trajectories 1152/1804 rows=9216
progress trajectories 1280/1804 rows=10240
progress trajectories 1408/1804 rows=11264
progress trajectories 1536/1804 rows=12288
progress trajectories 1664/1804 rows=13312
progress trajectories 1792/1804 rows=14336
variant=baseline policy=ValueFirst rep=2 wrote=14432 trajectories=1804 sink=1.46959e+07
run_end=2026-09-14T02:01:22Z arm=baseline policy=jac rep=2 rows=14434

run_start=2026-09-14T02:01:22Z arm=candidate policy=jac rep=2
progress trajectories 128/1804 rows=1024
progress trajectories 256/1804 rows=2048
progress trajectories 384/1804 rows=3072
progress trajectories 512/1804 rows=4096
progress trajectories 640/1804 rows=5120
progress trajectories 768/1804 rows=6144
progress trajectories 896/1804 rows=7168
progress trajectories 1024/1804 rows=8192
progress trajectories 1152/1804 rows=9216
progress trajectories 1280/1804 rows=10240
progress trajectories 1408/1804 rows=11264
progress trajectories 1536/1804 rows=12288
progress trajectories 1664/1804 rows=13312
progress trajectories 1792/1804 rows=14336
variant=projective policy=ValueFirst rep=2 wrote=14432 trajectories=1804 sink=1.46959e+07
run_end=2026-09-14T02:02:31Z arm=candidate policy=jac rep=2 rows=14434
