[
  {
    "candidate": "safety1",
    "profile": "uniform",
    "target": 0.001,
    "paired_speedup": 1.0062061542723,
    "baseline_p50": 0.2333055,
    "p50": 0.22918549999999996,
    "baseline_p99": 0.900336499999999,
    "p99": 0.859456539999997,
    "radial_speedup": 1.0082713764655993,
    "baseline_nodes": 256075,
    "nodes": 242667,
    "converged": 3608,
    "status_changes": 0,
    "reference_excess": 0,
    "new_excess": 0,
    "error_p95": 2.535437787170019e-05,
    "max_mu_change": 0.00042566760574647144
  },
  {
    "candidate": "safety1",
    "profile": "uniform",
    "target": 0.0001,
    "paired_speedup": 1.0094236994092656,
    "baseline_p50": 0.2746615,
    "p50": 0.26672799999999997,
    "baseline_p99": 1.0135610199999983,
    "p99": 1.0156265099999993,
    "radial_speedup": 1.010757692253351,
    "baseline_nodes": 363091,
    "nodes": 341083,
    "converged": 3608,
    "status_changes": 0,
    "reference_excess": 1,
    "new_excess": 0,
    "error_p95": 1.67872661265278e-06,
    "max_mu_change": 8.6476478209363e-06
  },
  {
    "candidate": "safety1",
    "profile": "linear",
    "target": 0.001,
    "paired_speedup": 1.0413844383419177,
    "baseline_p50": 0.285758,
    "p50": 0.2746415,
    "baseline_p99": 0.980616249999997,
    "p99": 0.9270310599999995,
    "radial_speedup": 1.0978321844835575,
    "baseline_nodes": 287499,
    "nodes": 255971,
    "converged": 3608,
    "status_changes": 0,
    "reference_excess": 0,
    "new_excess": 0,
    "error_p95": 2.302381544814748e-05,
    "max_mu_change": 0.0001322698879798745
  },
  {
    "candidate": "safety1",
    "profile": "linear",
    "target": 0.0001,
    "paired_speedup": 1.0093012877023595,
    "baseline_p50": 0.333382,
    "p50": 0.321816,
    "baseline_p99": 1.1906809699999998,
    "p99": 1.196371679999997,
    "radial_speedup": 1.0113539426725768,
    "baseline_nodes": 389459,
    "nodes": 367515,
    "converged": 3608,
    "status_changes": 0,
    "reference_excess": 2,
    "new_excess": 0,
    "error_p95": 7.95118881085077e-06,
    "max_mu_change": 1.596475887255533e-05
  },
  {
    "candidate": "initial15",
    "profile": "uniform",
    "target": 0.001,
    "paired_speedup": 0.9571053725175117,
    "baseline_p50": 0.2333055,
    "p50": 0.25368099999999993,
    "baseline_p99": 0.900336499999999,
    "p99": 0.8966284,
    "radial_speedup": 0.8835207170449504,
    "baseline_nodes": 256075,
    "nodes": 322835,
    "converged": 3608,
    "status_changes": 0,
    "reference_excess": 0,
    "new_excess": 0,
    "error_p95": 9.09895494488055e-06,
    "max_mu_change": 0.00012608209568032436
  },
  {
    "candidate": "initial15",
    "profile": "uniform",
    "target": 0.0001,
    "paired_speedup": 0.9857710641920461,
    "baseline_p50": 0.2746615,
    "p50": 0.2828525,
    "baseline_p99": 1.0135610199999983,
    "p99": 1.0586550199999982,
    "radial_speedup": 0.9590912800124632,
    "baseline_nodes": 363091,
    "nodes": 406211,
    "converged": 3608,
    "status_changes": 0,
    "reference_excess": 1,
    "new_excess": 0,
    "error_p95": 7.941928623078619e-07,
    "max_mu_change": 1.6418261792994215e-05
  },
  {
    "candidate": "initial15",
    "profile": "linear",
    "target": 0.001,
    "paired_speedup": 0.9521175269084998,
    "baseline_p50": 0.285758,
    "p50": 0.3104165,
    "baseline_p99": 0.980616249999997,
    "p99": 1.026507609999999,
    "radial_speedup": 0.8826231248399016,
    "baseline_nodes": 287499,
    "nodes": 350211,
    "converged": 3608,
    "status_changes": 0,
    "reference_excess": 0,
    "new_excess": 0,
    "error_p95": 1.187366434217682e-05,
    "max_mu_change": 8.095849019618129e-05
  },
  {
    "candidate": "initial15",
    "profile": "linear",
    "target": 0.0001,
    "paired_speedup": 0.9813154524842952,
    "baseline_p50": 0.333382,
    "p50": 0.3437985,
    "baseline_p99": 1.1906809699999998,
    "p99": 1.2381999899999985,
    "radial_speedup": 0.952407919687311,
    "baseline_nodes": 389459,
    "nodes": 431779,
    "converged": 3608,
    "status_changes": 0,
    "reference_excess": 2,
    "new_excess": 0,
    "error_p95": 7.916807566332728e-06,
    "max_mu_change": 1.4635649019156816e-05
  },
  {
    "candidate": "k12",
    "profile": "uniform",
    "target": 0.001,
    "paired_speedup": 1.0003548991078635,
    "baseline_p50": 0.2333055,
    "p50": 0.23320349999999995,
    "baseline_p99": 0.900336499999999,
    "p99": 0.902859219999999,
    "radial_speedup": 1.0010562094168525,
    "baseline_nodes": 256075,
    "nodes": 256075,
    "converged": 3608,
    "status_changes": 0,
    "reference_excess": 0,
    "new_excess": 0,
    "error_p95": 1.1272173732901312e-05,
    "max_mu_change": 0.0
  },
  {
    "candidate": "k12",
    "profile": "uniform",
    "target": 0.0001,
    "paired_speedup": 1.0009510006438003,
    "baseline_p50": 0.2746615,
    "p50": 0.274606,
    "baseline_p99": 1.0135610199999983,
    "p99": 1.009330799999999,
    "radial_speedup": 1.0010796446415582,
    "baseline_nodes": 363091,
    "nodes": 363091,
    "converged": 3608,
    "status_changes": 0,
    "reference_excess": 1,
    "new_excess": 0,
    "error_p95": 8.946753271010729e-07,
    "max_mu_change": 0.0
  },
  {
    "candidate": "k12",
    "profile": "linear",
    "target": 0.001,
    "paired_speedup": 1.0045474290441097,
    "baseline_p50": 0.285758,
    "p50": 0.28492449999999997,
    "baseline_p99": 0.980616249999997,
    "p99": 0.9858013299999981,
    "radial_speedup": 1.0134604050214904,
    "baseline_nodes": 287499,
    "nodes": 287499,
    "converged": 3608,
    "status_changes": 0,
    "reference_excess": 0,
    "new_excess": 0,
    "error_p95": 1.3207063091624778e-05,
    "max_mu_change": 2.3138602145422738e-11
  },
  {
    "candidate": "k12",
    "profile": "linear",
    "target": 0.0001,
    "paired_speedup": 1.006807233690581,
    "baseline_p50": 0.333382,
    "p50": 0.33072549999999995,
    "baseline_p99": 1.1906809699999998,
    "p99": 1.185940499999998,
    "radial_speedup": 1.0139803151751976,
    "baseline_nodes": 389459,
    "nodes": 389459,
    "converged": 3608,
    "status_changes": 0,
    "reference_excess": 2,
    "new_excess": 0,
    "error_p95": 7.935894887456385e-06,
    "max_mu_change": 1.8316681504870758e-11
  },
  {
    "candidate": "initial3",
    "profile": "uniform",
    "target": 0.001,
    "paired_speedup": 0.9904629471600715,
    "baseline_p50": 0.2333055,
    "p50": 0.23484749999999996,
    "baseline_p99": 0.900336499999999,
    "p99": 0.8930415699999998,
    "radial_speedup": 0.9707741885093197,
    "baseline_nodes": 256075,
    "nodes": 248903,
    "converged": 3608,
    "status_changes": 0,
    "reference_excess": 0,
    "new_excess": 0,
    "error_p95": 1.3063563592535788e-05,
    "max_mu_change": 0.00013706108472555378
  },
  {
    "candidate": "initial3",
    "profile": "uniform",
    "target": 0.0001,
    "paired_speedup": 0.9903243104324163,
    "baseline_p50": 0.2746615,
    "p50": 0.27824150000000003,
    "baseline_p99": 1.0135610199999983,
    "p99": 1.0483492899999953,
    "radial_speedup": 0.9769162849969355,
    "baseline_nodes": 363091,
    "nodes": 358755,
    "converged": 3608,
    "status_changes": 0,
    "reference_excess": 1,
    "new_excess": 0,
    "error_p95": 1.001309532300262e-06,
    "max_mu_change": 5.8742452573312676e-06
  },
  {
    "candidate": "initial3",
    "profile": "linear",
    "target": 0.001,
    "paired_speedup": 0.9912840400947618,
    "baseline_p50": 0.285758,
    "p50": 0.28684200000000004,
    "baseline_p99": 0.980616249999997,
    "p99": 0.9696749699999978,
    "radial_speedup": 0.9797123953452541,
    "baseline_nodes": 287499,
    "nodes": 280667,
    "converged": 3608,
    "status_changes": 0,
    "reference_excess": 0,
    "new_excess": 0,
    "error_p95": 1.346718837815782e-05,
    "max_mu_change": 7.40691152905093e-05
  },
  {
    "candidate": "initial3",
    "profile": "linear",
    "target": 0.0001,
    "paired_speedup": 0.9920109324866389,
    "baseline_p50": 0.333382,
    "p50": 0.336573,
    "baseline_p99": 1.1906809699999998,
    "p99": 1.1795080199999985,
    "radial_speedup": 0.9833434526521073,
    "baseline_nodes": 389459,
    "nodes": 385271,
    "converged": 3608,
    "status_changes": 0,
    "reference_excess": 2,
    "new_excess": 0,
    "error_p95": 7.93190878512484e-06,
    "max_mu_change": 5.693779932647303e-06
  }
]
