loaded 108 cases reps=3 trajectory_epochs=4 n_r=64
PROFILE cold_value cases=108 wall_ms p50=0.556371 p90=1.151533 p95=1.278803 p99=1.676968 max=1.810866 status_ok=108 status_bad=0 max_mu_ref=2.044e-13 max_grad_ref=0.000e+00
  calls radial_events=108 classify=108 cells=1370 nodes=27520
  D14 calls=108 struct=108 horner=0 dd=0 qf_warm=4 qf_cold=0 warm_seed=0 sweeps(pre/dd/qfw/qfc)=21026/0/6/0 active(calls/sweeps/skips/fallbacks)=108/21026/46208/0
  D14Real calls=108 mixed/dangerous pairs=86916/1718 nonconverged=0 full-recompute-rows=0 local-calls/rows=108/1718 root-updates/skips/freezes/reactivations/cluster-wakeups=6818/5278/1254/50/50 direct-warm attempt/success/reject=0/0/0 newton-ok/nonfinite=0/0 fold-seed attempt/success/fallback=674/652/22
  D14 certificate root_count/conjugacy/vieta/completeness/close_pairs=0/0/0/0/52
  D14 lifted attempts/success/cert-fail=0/0/0
  D14 lifted fail seed/newton/scalar/lift/conj/vieta/recon=0/0/0/0/0/0/0
  D14 lifted max reconstruction error=0.000e+00
  D14 hybrid attempts/success/cert-fail=0/0/0 cheap/struct/unsafe=0/0/0 time_ms=0
  topology probes=1370 grid512/3072/4096=0/0/0 escalations=0 uncertain=0 sturm calls/double/dd/qf/ambig=1370/1370/0/0/0 mismatch/repair/fail=0/0/0
  roots quartic warm/cold/hits=9990/430/9990 pair calls/warm/cold=18150/17100/1050 pred/newton/branch=238/130/372 iters=18390 guards(tmax/vfloor/gap/resid)=14/128/0/2
  radial terms/value calls=0/27520 jac_nodes=0 f0_arcs=0 endpoint=59136 full=0 empty=0 degenerate=0 reciprocal attempts/success/fail=0/0/0
  K attempts/success/reject=10238/9680/558 mid_attempt/success/reject=0/0/0 reason nonfinite/vfloor/tmax/S2/B/disagree=0/0/0/0/0/558 arc=4546 angular rescue calls/nodes=5104/326656
  K arc rejects endpoint/nonfinite/order/tmax/vfloor=0/0/1536/2256/754
  K reciprocal attempts/success/reject=0/0/0 time_ms=0
  K reject affected cases nonfinite/vfloor/tmax/S2/B/disagree/arc=0/0/0/0/0/10/33
  K rescue ms/case disagreement p50=0.254961 p90=0.426672 p99=0.506223 max=0.515062
  K rescue ms/case arc          p50=0.179270 p90=0.308755 p99=0.483634 max=0.515062
  time ms radial=31.9815 d14(coeff/struct/expand/solve)=0/0.210627/0.818452/30.3349 d14 inner(pre/dd/qf/validate)=15.2633/0/0.755888/0.067262 topology=33.8476 grid=0 arc=20.3251 pair=5.51026 endpoint=8.62409 f0=0 K=1.62591 Kmid=0 rescue=5.71469
  D14Real/screen/fold-seed ms=7.92906/0/0.033235
  D14 stage ms presearch/real/qf-polish/residual/completeness/physical/soft=15.2633/7.92906/0.755888/2.76999/0.062997/0.135679/0.078816 (validate inclusive=0.067262)
  event physical_real/complex/soft/chart_p4/rep=632/374/360/68/0
  derived K reject rate=5.450% rescue_ms_per_call=0.001120 D14 solve ms/call=0.280879
PROFILE cold_value_jac cases=108 wall_ms p50=0.677928 p90=1.478894 p95=1.769395 p99=2.117872 max=2.129518 status_ok=108 status_bad=0 max_mu_ref=2.044e-13 max_grad_ref=1.218e-04
  calls radial_events=108 classify=108 cells=1370 nodes=27520
  D14 calls=108 struct=108 horner=0 dd=0 qf_warm=4 qf_cold=0 warm_seed=0 sweeps(pre/dd/qfw/qfc)=21026/0/6/0 active(calls/sweeps/skips/fallbacks)=108/21026/46208/0
  D14Real calls=108 mixed/dangerous pairs=86916/1718 nonconverged=0 full-recompute-rows=0 local-calls/rows=108/1718 root-updates/skips/freezes/reactivations/cluster-wakeups=6818/5278/1254/50/50 direct-warm attempt/success/reject=0/0/0 newton-ok/nonfinite=0/0 fold-seed attempt/success/fallback=674/652/22
  D14 certificate root_count/conjugacy/vieta/completeness/close_pairs=0/0/0/0/52
  D14 lifted attempts/success/cert-fail=0/0/0
  D14 lifted fail seed/newton/scalar/lift/conj/vieta/recon=0/0/0/0/0/0/0
  D14 lifted max reconstruction error=0.000e+00
  D14 hybrid attempts/success/cert-fail=0/0/0 cheap/struct/unsafe=0/0/0 time_ms=0
  topology probes=1370 grid512/3072/4096=0/0/0 escalations=0 uncertain=0 sturm calls/double/dd/qf/ambig=1370/1370/0/0/0 mismatch/repair/fail=0/0/0
  roots quartic warm/cold/hits=9990/430/9990 pair calls/warm/cold=18150/17100/1050 pred/newton/branch=238/130/372 iters=18390 guards(tmax/vfloor/gap/resid)=14/128/0/2
  radial terms/value calls=27520/0 jac_nodes=27520 f0_arcs=29568 endpoint=59136 full=0 empty=0 degenerate=0 reciprocal attempts/success/fail=0/0/0
  K attempts/success/reject=20476/19360/1116 mid_attempt/success/reject=0/0/0 reason nonfinite/vfloor/tmax/S2/B/disagree=0/0/0/0/0/1116 arc=9092 angular rescue calls/nodes=10208/653312
  K arc rejects endpoint/nonfinite/order/tmax/vfloor=0/0/3072/4512/1508
  K reciprocal attempts/success/reject=0/0/0 time_ms=0
  K reject affected cases nonfinite/vfloor/tmax/S2/B/disagree/arc=0/0/0/0/0/20/66
  K rescue ms/case disagreement p50=0.330056 p90=0.559126 p99=0.653865 max=0.654000
  K rescue ms/case arc          p50=0.231399 p90=0.408072 p99=0.653537 max=0.654000
  time ms radial=31.7926 d14(coeff/struct/expand/solve)=0/0.20721/0.822835/30.1658 d14 inner(pre/dd/qf/validate)=15.2744/0/0.757277/0.067231 topology=33.6516 grid=0 arc=20.3716 pair=5.50002 endpoint=8.6295 f0=11.8802 K=3.24664 Kmid=0 rescue=14.8297
  D14Real/screen/fold-seed ms=7.88311/0/0.033062
  D14 stage ms presearch/real/qf-polish/residual/completeness/physical/soft=15.2744/7.88311/0.757277/2.73222/0.06296/0.135158/0.072835 (validate inclusive=0.067231)
  event physical_real/complex/soft/chart_p4/rep=632/374/360/68/0
  derived K reject rate=5.450% rescue_ms_per_call=0.001453 D14 solve ms/call=0.279313
PROFILE warm_value_steady cases=324 wall_ms p50=0.517615 p90=0.977715 p95=1.168590 p99=2.069324 max=2.541027 status_ok=316 status_bad=8 max_mu_ref=5.864e-14 max_grad_ref=0.000e+00
  calls radial_events=324 classify=324 cells=4000 nodes=74240
  D14 calls=324 struct=324 horner=0 dd=0 qf_warm=2 qf_cold=0 warm_seed=324 sweeps(pre/dd/qfw/qfc)=18742/0/2/0 active(calls/sweeps/skips/fallbacks)=324/18742/51824/0
  D14Real calls=324 mixed/dangerous pairs=212868/3504 nonconverged=0 full-recompute-rows=0 local-calls/rows=324/3504 root-updates/skips/freezes/reactivations/cluster-wakeups=16644/14408/3732/34/34 direct-warm attempt/success/reject=0/0/0 newton-ok/nonfinite=0/0 fold-seed attempt/success/fallback=2036/2034/2
  D14 certificate root_count/conjugacy/vieta/completeness/close_pairs=0/0/0/0/106
  D14 lifted attempts/success/cert-fail=0/0/0
  D14 lifted fail seed/newton/scalar/lift/conj/vieta/recon=0/0/0/0/0/0/0
  D14 lifted max reconstruction error=0.000e+00
  D14 hybrid attempts/success/cert-fail=0/0/0 cheap/struct/unsafe=0/0/0 time_ms=0
  topology probes=4000 grid512/3072/4096=0/0/0 escalations=0 uncertain=0 sturm calls/double/dd/qf/ambig=4000/4000/0/0/0 mismatch/repair/fail=0/0/0
  roots quartic warm/cold/hits=23646/1160/23646 pair calls/warm/cold=52296/49434/2862 pred/newton/branch=726/448/1176 iters=51562 guards(tmax/vfloor/gap/resid)=42/426/0/22
  radial terms/value calls=0/74240 jac_nodes=0 f0_arcs=0 endpoint=150272 full=2048 empty=0 degenerate=0 reciprocal attempts/success/fail=0/0/0
  K attempts/success/reject=28007/26962/1045 mid_attempt/success/reject=0/0/0 reason nonfinite/vfloor/tmax/S2/B/disagree=0/0/0/0/0/1045 arc=9561 angular rescue calls/nodes=10606/678784
  K arc rejects endpoint/nonfinite/order/tmax/vfloor=0/0/2176/4817/2568
  K reciprocal attempts/success/reject=0/0/0 time_ms=0
  K reject affected cases nonfinite/vfloor/tmax/S2/B/disagree/arc=0/0/0/0/0/14/38
  K rescue ms/case disagreement p50=0.493473 p90=0.761117 p99=0.765199 max=0.765608
  K rescue ms/case arc          p50=0.273756 p90=0.687993 p99=0.764443 max=0.765608
  time ms radial=74.0966 d14(coeff/struct/expand/solve)=0/0.852217/3.30755/57.3136 d14 inner(pre/dd/qf/validate)=13.2142/0/0.30211/0.288398 topology=79.5493 grid=0 arc=66.9039 pair=34.843 endpoint=20.2332 f0=0 K=4.43817 Kmid=0 rescue=11.8552
  D14Real/screen/fold-seed ms=21.3074/0/0.111422
  D14 stage ms presearch/real/qf-polish/residual/completeness/physical/soft=13.2142/21.3074/0.30211/9.67695/0.27492/0.203459/0.328986 (validate inclusive=0.288398)
  event physical_real/complex/soft/chart_p4/rep=2036/1106/1106/96/0
  derived K reject rate=3.731% rescue_ms_per_call=0.001118 D14 solve ms/call=0.176894
PROFILE warm_value_jac_steady cases=324 wall_ms p50=0.602065 p90=1.275721 p95=1.756187 p99=2.963308 max=3.229549 status_ok=316 status_bad=8 max_mu_ref=5.864e-14 max_grad_ref=1.379e-03
  calls radial_events=324 classify=324 cells=4000 nodes=74240
  D14 calls=324 struct=324 horner=0 dd=0 qf_warm=2 qf_cold=0 warm_seed=324 sweeps(pre/dd/qfw/qfc)=18742/0/2/0 active(calls/sweeps/skips/fallbacks)=324/18742/51824/0
  D14Real calls=324 mixed/dangerous pairs=212868/3504 nonconverged=0 full-recompute-rows=0 local-calls/rows=324/3504 root-updates/skips/freezes/reactivations/cluster-wakeups=16644/14408/3732/34/34 direct-warm attempt/success/reject=0/0/0 newton-ok/nonfinite=0/0 fold-seed attempt/success/fallback=2036/2034/2
  D14 certificate root_count/conjugacy/vieta/completeness/close_pairs=0/0/0/0/106
  D14 lifted attempts/success/cert-fail=0/0/0
  D14 lifted fail seed/newton/scalar/lift/conj/vieta/recon=0/0/0/0/0/0/0
  D14 lifted max reconstruction error=0.000e+00
  D14 hybrid attempts/success/cert-fail=0/0/0 cheap/struct/unsafe=0/0/0 time_ms=0
  topology probes=4000 grid512/3072/4096=0/0/0 escalations=0 uncertain=0 sturm calls/double/dd/qf/ambig=4000/4000/0/0/0 mismatch/repair/fail=0/0/0
  roots quartic warm/cold/hits=23646/1160/23646 pair calls/warm/cold=52296/49434/2862 pred/newton/branch=726/448/1176 iters=51562 guards(tmax/vfloor/gap/resid)=42/426/0/22
  radial terms/value calls=74240/0 jac_nodes=74240 f0_arcs=75136 endpoint=150272 full=2048 empty=0 degenerate=0 reciprocal attempts/success/fail=0/0/0
  K attempts/success/reject=56014/53924/2090 mid_attempt/success/reject=0/0/0 reason nonfinite/vfloor/tmax/S2/B/disagree=0/0/0/0/0/2090 arc=19122 angular rescue calls/nodes=21212/1357568
  K arc rejects endpoint/nonfinite/order/tmax/vfloor=0/0/4352/9634/5136
  K reciprocal attempts/success/reject=0/0/0 time_ms=0
  K reject affected cases nonfinite/vfloor/tmax/S2/B/disagree/arc=0/0/0/0/0/28/76
  K rescue ms/case disagreement p50=0.646069 p90=1.017334 p99=1.056725 max=1.059747
  K rescue ms/case arc          p50=0.360287 p90=0.885415 p99=1.051352 max=1.059747
  time ms radial=71.2059 d14(coeff/struct/expand/solve)=0/0.795341/3.05713/55.3878 d14 inner(pre/dd/qf/validate)=13.2047/0/0.28369/0.251257 topology=76.6299 grid=0 arc=67.0488 pair=34.9728 endpoint=20.2889 f0=28.5906 K=8.92755 Kmid=0 rescue=31.0543
  D14Real/screen/fold-seed ms=20.8081/0/0.109096
  D14 stage ms presearch/real/qf-polish/residual/completeness/physical/soft=13.2047/20.8081/0.28369/9.07126/0.237912/0.202089/0.309776 (validate inclusive=0.251257)
  event physical_real/complex/soft/chart_p4/rep=2036/1106/1106/96/0
  derived K reject rate=3.731% rescue_ms_per_call=0.001464 D14 solve ms/call=0.170950
