loaded 108 cases reps=3 trajectory_epochs=4 n_r=64
PROFILE cold_value cases=108 wall_ms p50=0.556438 p90=1.158058 p95=1.283240 p99=1.682432 max=1.818376 status_ok=108 status_bad=0 max_mu_ref=2.044e-13 max_grad_ref=0.000e+00
  calls radial_events=108 classify=108 cells=1370 nodes=27520
  D14 calls=108 struct=108 horner=0 dd=0 qf_warm=4 qf_cold=0 warm_seed=0 sweeps(pre/dd/qfw/qfc)=21026/0/6/0 active(calls/sweeps/skips/fallbacks)=108/21026/46208/0
  D14Real calls=108 mixed/dangerous pairs=89236/1790 nonconverged=0 full-recompute-rows=0 local-calls/rows=108/1790 root-updates/skips/freezes/reactivations/cluster-wakeups=7002/5094/1194/84/84 direct-warm attempt/success/reject=0/0/0 newton-ok/nonfinite=0/0 fold-seed attempt/success/fallback=674/652/22
  D14 certificate root_count/conjugacy/vieta/completeness/close_pairs=0/0/0/0/52
  D14 lifted attempts/success/cert-fail=0/0/0
  D14 lifted fail seed/newton/scalar/lift/conj/vieta/recon=0/0/0/0/0/0/0
  D14 lifted max reconstruction error=0.000e+00
  D14 hybrid attempts/success/cert-fail=0/0/0 cheap/struct/unsafe=0/0/0 time_ms=0
  topology probes=1370 grid512/3072/4096=0/0/0 escalations=0 uncertain=0 sturm calls/double/dd/qf/ambig=1370/1370/0/0/0 mismatch/repair/fail=0/0/0
  roots quartic warm/cold/hits=9990/430/9990 pair calls/warm/cold=18150/17100/1050 pred/newton/branch=238/130/372 iters=18390 guards(tmax/vfloor/gap/resid)=14/128/0/2
  radial terms/value calls=0/27520 jac_nodes=0 f0_arcs=0 endpoint=59136 full=0 empty=0 degenerate=0 reciprocal attempts/success/fail=0/0/0
  K attempts/success/reject=10238/9680/558 mid_attempt/success/reject=0/0/0 reason nonfinite/vfloor/tmax/S2/B/disagree=0/0/0/0/0/558 arc=4546 angular rescue calls/nodes=5104/326656
  K arc rejects endpoint/nonfinite/order/tmax/vfloor=0/0/1536/2256/754
  K reciprocal attempts/success/reject=0/0/0 time_ms=0
  K reject affected cases nonfinite/vfloor/tmax/S2/B/disagree/arc=0/0/0/0/0/10/33
  K rescue ms/case disagreement p50=0.267936 p90=0.428492 p99=0.505210 max=0.513734
  K rescue ms/case arc          p50=0.179372 p90=0.308577 p99=0.483426 max=0.513734
  time ms radial=32.2815 d14(coeff/struct/expand/solve)=0/0.212689/0.826138/30.6254 d14 inner(pre/dd/qf/validate)=15.3281/0/0.753335/0.067556 topology=34.1665 grid=0 arc=20.4012 pair=5.51527 endpoint=8.6474 f0=0 K=1.62192 Kmid=0 rescue=5.74408
  D14Real/screen/fold-seed ms=8.11092/0/0.03353
  D14 stage ms presearch/real/qf-polish/residual/completeness/physical/soft=15.3281/8.11092/0.753335/2.78418/0.063244/0.13625/0.076749 (validate inclusive=0.067556)
  event physical_real/complex/soft/chart_p4/rep=632/374/360/68/0
  derived K reject rate=5.450% rescue_ms_per_call=0.001125 D14 solve ms/call=0.283569
PROFILE cold_value_jac cases=108 wall_ms p50=0.682234 p90=1.479573 p95=1.766493 p99=2.121345 max=2.149723 status_ok=108 status_bad=0 max_mu_ref=2.044e-13 max_grad_ref=1.218e-04
  calls radial_events=108 classify=108 cells=1370 nodes=27520
  D14 calls=108 struct=108 horner=0 dd=0 qf_warm=4 qf_cold=0 warm_seed=0 sweeps(pre/dd/qfw/qfc)=21026/0/6/0 active(calls/sweeps/skips/fallbacks)=108/21026/46208/0
  D14Real calls=108 mixed/dangerous pairs=89236/1790 nonconverged=0 full-recompute-rows=0 local-calls/rows=108/1790 root-updates/skips/freezes/reactivations/cluster-wakeups=7002/5094/1194/84/84 direct-warm attempt/success/reject=0/0/0 newton-ok/nonfinite=0/0 fold-seed attempt/success/fallback=674/652/22
  D14 certificate root_count/conjugacy/vieta/completeness/close_pairs=0/0/0/0/52
  D14 lifted attempts/success/cert-fail=0/0/0
  D14 lifted fail seed/newton/scalar/lift/conj/vieta/recon=0/0/0/0/0/0/0
  D14 lifted max reconstruction error=0.000e+00
  D14 hybrid attempts/success/cert-fail=0/0/0 cheap/struct/unsafe=0/0/0 time_ms=0
  topology probes=1370 grid512/3072/4096=0/0/0 escalations=0 uncertain=0 sturm calls/double/dd/qf/ambig=1370/1370/0/0/0 mismatch/repair/fail=0/0/0
  roots quartic warm/cold/hits=9990/430/9990 pair calls/warm/cold=18150/17100/1050 pred/newton/branch=238/130/372 iters=18390 guards(tmax/vfloor/gap/resid)=14/128/0/2
  radial terms/value calls=27520/0 jac_nodes=27520 f0_arcs=29568 endpoint=59136 full=0 empty=0 degenerate=0 reciprocal attempts/success/fail=0/0/0
  K attempts/success/reject=20476/19360/1116 mid_attempt/success/reject=0/0/0 reason nonfinite/vfloor/tmax/S2/B/disagree=0/0/0/0/0/1116 arc=9092 angular rescue calls/nodes=10208/653312
  K arc rejects endpoint/nonfinite/order/tmax/vfloor=0/0/3072/4512/1508
  K reciprocal attempts/success/reject=0/0/0 time_ms=0
  K reject affected cases nonfinite/vfloor/tmax/S2/B/disagree/arc=0/0/0/0/0/20/66
  K rescue ms/case disagreement p50=0.348293 p90=0.547968 p99=0.669622 max=0.673101
  K rescue ms/case arc          p50=0.231728 p90=0.410188 p99=0.661200 max=0.673101
  time ms radial=32.0542 d14(coeff/struct/expand/solve)=0/0.206826/0.818269/30.4328 d14 inner(pre/dd/qf/validate)=15.3507/0/0.756594/0.066378 topology=33.9185 grid=0 arc=20.4542 pair=5.50447 endpoint=8.66754 f0=11.9285 K=3.25848 Kmid=0 rescue=14.967
  D14Real/screen/fold-seed ms=8.07164/0/0.032952
  D14 stage ms presearch/real/qf-polish/residual/completeness/physical/soft=15.3507/8.07164/0.756594/2.72532/0.062042/0.135678/0.073751 (validate inclusive=0.066378)
  event physical_real/complex/soft/chart_p4/rep=632/374/360/68/0
  derived K reject rate=5.450% rescue_ms_per_call=0.001466 D14 solve ms/call=0.281785
PROFILE warm_value_steady cases=324 wall_ms p50=0.515039 p90=0.978344 p95=1.198035 p99=2.078000 max=2.556924 status_ok=316 status_bad=8 max_mu_ref=5.864e-14 max_grad_ref=0.000e+00
  calls radial_events=324 classify=324 cells=4000 nodes=74240
  D14 calls=324 struct=324 horner=0 dd=0 qf_warm=2 qf_cold=0 warm_seed=324 sweeps(pre/dd/qfw/qfc)=18742/0/2/0 active(calls/sweeps/skips/fallbacks)=324/18742/51824/0
  D14Real calls=324 mixed/dangerous pairs=218632/3512 nonconverged=0 full-recompute-rows=0 local-calls/rows=324/3512 root-updates/skips/freezes/reactivations/cluster-wakeups=17088/13964/3434/34/34 direct-warm attempt/success/reject=0/0/0 newton-ok/nonfinite=0/0 fold-seed attempt/success/fallback=2036/2034/2
  D14 certificate root_count/conjugacy/vieta/completeness/close_pairs=0/0/0/0/106
  D14 lifted attempts/success/cert-fail=0/0/0
  D14 lifted fail seed/newton/scalar/lift/conj/vieta/recon=0/0/0/0/0/0/0
  D14 lifted max reconstruction error=0.000e+00
  D14 hybrid attempts/success/cert-fail=0/0/0 cheap/struct/unsafe=0/0/0 time_ms=0
  topology probes=4000 grid512/3072/4096=0/0/0 escalations=0 uncertain=0 sturm calls/double/dd/qf/ambig=4000/4000/0/0/0 mismatch/repair/fail=0/0/0
  roots quartic warm/cold/hits=23646/1160/23646 pair calls/warm/cold=52296/49434/2862 pred/newton/branch=726/448/1176 iters=51562 guards(tmax/vfloor/gap/resid)=42/426/0/22
  radial terms/value calls=0/74240 jac_nodes=0 f0_arcs=0 endpoint=150272 full=2048 empty=0 degenerate=0 reciprocal attempts/success/fail=0/0/0
  K attempts/success/reject=28007/26962/1045 mid_attempt/success/reject=0/0/0 reason nonfinite/vfloor/tmax/S2/B/disagree=0/0/0/0/0/1045 arc=9561 angular rescue calls/nodes=10606/678784
  K arc rejects endpoint/nonfinite/order/tmax/vfloor=0/0/2176/4817/2568
  K reciprocal attempts/success/reject=0/0/0 time_ms=0
  K reject affected cases nonfinite/vfloor/tmax/S2/B/disagree/arc=0/0/0/0/0/14/38
  K rescue ms/case disagreement p50=0.493142 p90=0.762693 p99=0.779709 max=0.782220
  K rescue ms/case arc          p50=0.273698 p90=0.678409 p99=0.775073 max=0.782220
  time ms radial=74.3922 d14(coeff/struct/expand/solve)=0/0.852089/3.30971/57.6132 d14 inner(pre/dd/qf/validate)=13.198/0/0.302853/0.287068 topology=79.7721 grid=0 arc=66.7908 pair=34.8177 endpoint=20.242 f0=0 K=4.44134 Kmid=0 rescue=11.8656
  D14Real/screen/fold-seed ms=21.6589/0/0.110628
  D14 stage ms presearch/real/qf-polish/residual/completeness/physical/soft=13.198/21.6589/0.302853/9.64324/0.273676/0.204276/0.330001 (validate inclusive=0.287068)
  event physical_real/complex/soft/chart_p4/rep=2036/1106/1106/96/0
  derived K reject rate=3.731% rescue_ms_per_call=0.001119 D14 solve ms/call=0.177818
PROFILE warm_value_jac_steady cases=324 wall_ms p50=0.601012 p90=1.254312 p95=1.779729 p99=2.972086 max=3.236590 status_ok=316 status_bad=8 max_mu_ref=5.864e-14 max_grad_ref=1.379e-03
  calls radial_events=324 classify=324 cells=4000 nodes=74240
  D14 calls=324 struct=324 horner=0 dd=0 qf_warm=2 qf_cold=0 warm_seed=324 sweeps(pre/dd/qfw/qfc)=18742/0/2/0 active(calls/sweeps/skips/fallbacks)=324/18742/51824/0
  D14Real calls=324 mixed/dangerous pairs=218632/3512 nonconverged=0 full-recompute-rows=0 local-calls/rows=324/3512 root-updates/skips/freezes/reactivations/cluster-wakeups=17088/13964/3434/34/34 direct-warm attempt/success/reject=0/0/0 newton-ok/nonfinite=0/0 fold-seed attempt/success/fallback=2036/2034/2
  D14 certificate root_count/conjugacy/vieta/completeness/close_pairs=0/0/0/0/106
  D14 lifted attempts/success/cert-fail=0/0/0
  D14 lifted fail seed/newton/scalar/lift/conj/vieta/recon=0/0/0/0/0/0/0
  D14 lifted max reconstruction error=0.000e+00
  D14 hybrid attempts/success/cert-fail=0/0/0 cheap/struct/unsafe=0/0/0 time_ms=0
  topology probes=4000 grid512/3072/4096=0/0/0 escalations=0 uncertain=0 sturm calls/double/dd/qf/ambig=4000/4000/0/0/0 mismatch/repair/fail=0/0/0
  roots quartic warm/cold/hits=23646/1160/23646 pair calls/warm/cold=52296/49434/2862 pred/newton/branch=726/448/1176 iters=51562 guards(tmax/vfloor/gap/resid)=42/426/0/22
  radial terms/value calls=74240/0 jac_nodes=74240 f0_arcs=75136 endpoint=150272 full=2048 empty=0 degenerate=0 reciprocal attempts/success/fail=0/0/0
  K attempts/success/reject=56014/53924/2090 mid_attempt/success/reject=0/0/0 reason nonfinite/vfloor/tmax/S2/B/disagree=0/0/0/0/0/2090 arc=19122 angular rescue calls/nodes=21212/1357568
  K arc rejects endpoint/nonfinite/order/tmax/vfloor=0/0/4352/9634/5136
  K reciprocal attempts/success/reject=0/0/0 time_ms=0
  K reject affected cases nonfinite/vfloor/tmax/S2/B/disagree/arc=0/0/0/0/0/28/76
  K rescue ms/case disagreement p50=0.646529 p90=1.000710 p99=1.086830 max=1.108911
  K rescue ms/case arc          p50=0.355058 p90=0.887696 p99=1.047574 max=1.108911
  time ms radial=71.4774 d14(coeff/struct/expand/solve)=0/0.796697/3.05573/55.6469 d14 inner(pre/dd/qf/validate)=13.1892/0/0.288693/0.24965 topology=76.8173 grid=0 arc=66.95 pair=34.9315 endpoint=20.2878 f0=28.5687 K=8.90995 Kmid=0 rescue=31.2742
  D14Real/screen/fold-seed ms=21.1177/0/0.113148
  D14 stage ms presearch/real/qf-polish/residual/completeness/physical/soft=13.1892/21.1177/0.288693/9.04938/0.23637/0.205716/0.311905 (validate inclusive=0.24965)
  event physical_real/complex/soft/chart_p4/rep=2036/1106/1106/96/0
  derived K reject rate=3.731% rescue_ms_per_call=0.001474 D14 solve ms/call=0.171750
