loaded 108 cases reps=3 trajectory_epochs=4 n_r=64
PROFILE cold_value cases=108 wall_ms p50=0.593069 p90=1.175971 p95=1.293695 p99=1.703836 max=2.178437 status_ok=108 status_bad=0 max_mu_ref=2.044e-13 max_grad_ref=0.000e+00
  calls radial_events=108 classify=108 cells=1370 nodes=27520
  D14 calls=108 struct=108 horner=0 dd=0 qf_warm=4 qf_cold=0 warm_seed=0 sweeps(pre/dd/qfw/qfc)=21026/0/6/0 active(calls/sweeps/skips/fallbacks)=108/21026/46208/0
  D14Real calls=108 mixed/dangerous pairs=155394/1854 nonconverged=0 full-recompute-rows=0 local-calls/rows=108/1854 root-updates/skips/freezes/reactivations/cluster-wakeups=0/0/0/0/0 direct-warm attempt/success/reject=0/0/0 newton-ok/nonfinite=0/0 fold-seed attempt/success/fallback=674/652/22
  D14 certificate root_count/conjugacy/vieta/completeness/close_pairs=0/0/0/0/52
  D14 lifted attempts/success/cert-fail=0/0/0
  D14 lifted fail seed/newton/scalar/lift/conj/vieta/recon=0/0/0/0/0/0/0
  D14 lifted max reconstruction error=0.000e+00
  D14 hybrid attempts/success/cert-fail=0/0/0 cheap/struct/unsafe=0/0/0 time_ms=0
  topology probes=1370 grid512/3072/4096=0/0/0 escalations=0 uncertain=0 sturm calls/double/dd/qf/ambig=1370/1370/0/0/0 mismatch/repair/fail=0/0/0
  roots quartic warm/cold/hits=9990/430/9990 pair calls/warm/cold=18150/17100/1050 pred/newton/branch=238/130/372 iters=18390 guards(tmax/vfloor/gap/resid)=14/128/0/2
  radial terms/value calls=0/27520 jac_nodes=0 f0_arcs=0 endpoint=59136 full=0 empty=0 degenerate=0 reciprocal attempts/success/fail=0/0/0
  K attempts/success/reject=10238/9680/558 mid_attempt/success/reject=0/0/0 reason nonfinite/vfloor/tmax/S2/B/disagree=0/0/0/0/0/558 arc=4546 angular rescue calls/nodes=5104/326656
  K arc rejects endpoint/nonfinite/order/tmax/vfloor=0/0/1536/2256/754
  K reciprocal attempts/success/reject=0/0/0 time_ms=0
  K reject affected cases nonfinite/vfloor/tmax/S2/B/disagree/arc=0/0/0/0/0/10/33
  K rescue ms/case disagreement p50=0.253995 p90=0.435950 p99=0.586395 max=0.603111
  K rescue ms/case arc          p50=0.200984 p90=0.309636 p99=0.543676 max=0.603111
  time ms radial=34.2762 d14(coeff/struct/expand/solve)=0/0.208129/0.814543/32.6306 d14 inner(pre/dd/qf/validate)=15.4518/0/0.747247/0.066917 topology=36.1629 grid=0 arc=20.4947 pair=5.56626 endpoint=8.76224 f0=0 K=1.65265 Kmid=0 rescue=5.83151
  D14Real/screen/fold-seed ms=10.01/0/0.033796
  D14 stage ms presearch/real/qf-polish/residual/completeness/physical/soft=15.4518/10.01/0.747247/2.78835/0.062532/0.143348/0.076339 (validate inclusive=0.066917)
  event physical_real/complex/soft/chart_p4/rep=632/374/360/68/0
  derived K reject rate=5.450% rescue_ms_per_call=0.001143 D14 solve ms/call=0.302135
PROFILE cold_value_jac cases=108 wall_ms p50=0.667010 p90=1.491493 p95=1.766249 p99=2.413784 max=2.480371 status_ok=108 status_bad=0 max_mu_ref=2.044e-13 max_grad_ref=1.218e-04
  calls radial_events=108 classify=108 cells=1370 nodes=27520
  D14 calls=108 struct=108 horner=0 dd=0 qf_warm=4 qf_cold=0 warm_seed=0 sweeps(pre/dd/qfw/qfc)=21026/0/6/0 active(calls/sweeps/skips/fallbacks)=108/21026/46208/0
  D14Real calls=108 mixed/dangerous pairs=155394/1854 nonconverged=0 full-recompute-rows=0 local-calls/rows=108/1854 root-updates/skips/freezes/reactivations/cluster-wakeups=0/0/0/0/0 direct-warm attempt/success/reject=0/0/0 newton-ok/nonfinite=0/0 fold-seed attempt/success/fallback=674/652/22
  D14 certificate root_count/conjugacy/vieta/completeness/close_pairs=0/0/0/0/52
  D14 lifted attempts/success/cert-fail=0/0/0
  D14 lifted fail seed/newton/scalar/lift/conj/vieta/recon=0/0/0/0/0/0/0
  D14 lifted max reconstruction error=0.000e+00
  D14 hybrid attempts/success/cert-fail=0/0/0 cheap/struct/unsafe=0/0/0 time_ms=0
  topology probes=1370 grid512/3072/4096=0/0/0 escalations=0 uncertain=0 sturm calls/double/dd/qf/ambig=1370/1370/0/0/0 mismatch/repair/fail=0/0/0
  roots quartic warm/cold/hits=9990/430/9990 pair calls/warm/cold=18150/17100/1050 pred/newton/branch=238/130/372 iters=18390 guards(tmax/vfloor/gap/resid)=14/128/0/2
  radial terms/value calls=27520/0 jac_nodes=27520 f0_arcs=29568 endpoint=59136 full=0 empty=0 degenerate=0 reciprocal attempts/success/fail=0/0/0
  K attempts/success/reject=20476/19360/1116 mid_attempt/success/reject=0/0/0 reason nonfinite/vfloor/tmax/S2/B/disagree=0/0/0/0/0/1116 arc=9092 angular rescue calls/nodes=10208/653312
  K arc rejects endpoint/nonfinite/order/tmax/vfloor=0/0/3072/4512/1508
  K reciprocal attempts/success/reject=0/0/0 time_ms=0
  K reject affected cases nonfinite/vfloor/tmax/S2/B/disagree/arc=0/0/0/0/0/20/66
  K rescue ms/case disagreement p50=0.332185 p90=0.560314 p99=0.794377 max=0.795228
  K rescue ms/case arc          p50=0.268784 p90=0.403355 p99=0.792317 max=0.795228
  time ms radial=33.9172 d14(coeff/struct/expand/solve)=0/0.20388/0.810688/32.3032 d14 inner(pre/dd/qf/validate)=15.4021/0/0.763871/0.065953 topology=35.785 grid=0 arc=20.5674 pair=5.56379 endpoint=8.81088 f0=12.1206 K=3.30876 Kmid=0 rescue=15.1447
  D14Real/screen/fold-seed ms=9.89861/0/0.03293
  D14 stage ms presearch/real/qf-polish/residual/completeness/physical/soft=15.4021/9.89861/0.763871/2.72287/0.061552/0.140622/0.0725 (validate inclusive=0.065953)
  event physical_real/complex/soft/chart_p4/rep=632/374/360/68/0
  derived K reject rate=5.450% rescue_ms_per_call=0.001484 D14 solve ms/call=0.299104
PROFILE warm_value_steady cases=324 wall_ms p50=0.529336 p90=0.978608 p95=1.156449 p99=2.068234 max=2.527604 status_ok=316 status_bad=8 max_mu_ref=5.864e-14 max_grad_ref=0.000e+00
  calls radial_events=324 classify=324 cells=4000 nodes=74240
  D14 calls=324 struct=324 horner=0 dd=0 qf_warm=2 qf_cold=0 warm_seed=324 sweeps(pre/dd/qfw/qfc)=18742/0/2/0 active(calls/sweeps/skips/fallbacks)=324/18742/51824/0
  D14Real calls=324 mixed/dangerous pairs=399656/4020 nonconverged=0 full-recompute-rows=0 local-calls/rows=324/4020 root-updates/skips/freezes/reactivations/cluster-wakeups=0/0/0/0/0 direct-warm attempt/success/reject=0/0/0 newton-ok/nonfinite=0/0 fold-seed attempt/success/fallback=2036/2034/2
  D14 certificate root_count/conjugacy/vieta/completeness/close_pairs=0/0/0/0/106
  D14 lifted attempts/success/cert-fail=0/0/0
  D14 lifted fail seed/newton/scalar/lift/conj/vieta/recon=0/0/0/0/0/0/0
  D14 lifted max reconstruction error=0.000e+00
  D14 hybrid attempts/success/cert-fail=0/0/0 cheap/struct/unsafe=0/0/0 time_ms=0
  topology probes=4000 grid512/3072/4096=0/0/0 escalations=0 uncertain=0 sturm calls/double/dd/qf/ambig=4000/4000/0/0/0 mismatch/repair/fail=0/0/0
  roots quartic warm/cold/hits=23646/1160/23646 pair calls/warm/cold=52296/49434/2862 pred/newton/branch=726/448/1176 iters=51562 guards(tmax/vfloor/gap/resid)=42/426/0/22
  radial terms/value calls=0/74240 jac_nodes=0 f0_arcs=0 endpoint=150272 full=2048 empty=0 degenerate=0 reciprocal attempts/success/fail=0/0/0
  K attempts/success/reject=28007/26962/1045 mid_attempt/success/reject=0/0/0 reason nonfinite/vfloor/tmax/S2/B/disagree=0/0/0/0/0/1045 arc=9561 angular rescue calls/nodes=10606/678784
  K arc rejects endpoint/nonfinite/order/tmax/vfloor=0/0/2176/4817/2568
  K reciprocal attempts/success/reject=0/0/0 time_ms=0
  K reject affected cases nonfinite/vfloor/tmax/S2/B/disagree/arc=0/0/0/0/0/14/38
  K rescue ms/case disagreement p50=0.495151 p90=0.760868 p99=0.764946 max=0.765365
  K rescue ms/case arc          p50=0.273395 p90=0.680051 p99=0.764174 max=0.765365
  time ms radial=76.9225 d14(coeff/struct/expand/solve)=0/0.818821/3.21304/60.5113 d14 inner(pre/dd/qf/validate)=13.1241/0/0.300376/0.273964 topology=82.2596 grid=0 arc=66.5096 pair=34.6572 endpoint=20.1685 f0=0 K=4.43144 Kmid=0 rescue=11.8254
  D14Real/screen/fold-seed ms=24.949/0/0.109868
  D14 stage ms presearch/real/qf-polish/residual/completeness/physical/soft=13.1241/24.949/0.300376/9.53001/0.26079/0.201858/0.321597 (validate inclusive=0.273964)
  event physical_real/complex/soft/chart_p4/rep=2036/1106/1106/96/0
  derived K reject rate=3.731% rescue_ms_per_call=0.001115 D14 solve ms/call=0.186763
PROFILE warm_value_jac_steady cases=324 wall_ms p50=0.655518 p90=1.225543 p95=1.738995 p99=3.015781 max=3.223709 status_ok=316 status_bad=8 max_mu_ref=5.864e-14 max_grad_ref=1.379e-03
  calls radial_events=324 classify=324 cells=4000 nodes=74240
  D14 calls=324 struct=324 horner=0 dd=0 qf_warm=2 qf_cold=0 warm_seed=324 sweeps(pre/dd/qfw/qfc)=18742/0/2/0 active(calls/sweeps/skips/fallbacks)=324/18742/51824/0
  D14Real calls=324 mixed/dangerous pairs=399656/4020 nonconverged=0 full-recompute-rows=0 local-calls/rows=324/4020 root-updates/skips/freezes/reactivations/cluster-wakeups=0/0/0/0/0 direct-warm attempt/success/reject=0/0/0 newton-ok/nonfinite=0/0 fold-seed attempt/success/fallback=2036/2034/2
  D14 certificate root_count/conjugacy/vieta/completeness/close_pairs=0/0/0/0/106
  D14 lifted attempts/success/cert-fail=0/0/0
  D14 lifted fail seed/newton/scalar/lift/conj/vieta/recon=0/0/0/0/0/0/0
  D14 lifted max reconstruction error=0.000e+00
  D14 hybrid attempts/success/cert-fail=0/0/0 cheap/struct/unsafe=0/0/0 time_ms=0
  topology probes=4000 grid512/3072/4096=0/0/0 escalations=0 uncertain=0 sturm calls/double/dd/qf/ambig=4000/4000/0/0/0 mismatch/repair/fail=0/0/0
  roots quartic warm/cold/hits=23646/1160/23646 pair calls/warm/cold=52296/49434/2862 pred/newton/branch=726/448/1176 iters=51562 guards(tmax/vfloor/gap/resid)=42/426/0/22
  radial terms/value calls=74240/0 jac_nodes=74240 f0_arcs=75136 endpoint=150272 full=2048 empty=0 degenerate=0 reciprocal attempts/success/fail=0/0/0
  K attempts/success/reject=56014/53924/2090 mid_attempt/success/reject=0/0/0 reason nonfinite/vfloor/tmax/S2/B/disagree=0/0/0/0/0/2090 arc=19122 angular rescue calls/nodes=21212/1357568
  K arc rejects endpoint/nonfinite/order/tmax/vfloor=0/0/4352/9634/5136
  K reciprocal attempts/success/reject=0/0/0 time_ms=0
  K reject affected cases nonfinite/vfloor/tmax/S2/B/disagree/arc=0/0/0/0/0/28/76
  K rescue ms/case disagreement p50=0.666924 p90=1.019918 p99=1.064330 max=1.066119
  K rescue ms/case arc          p50=0.354551 p90=0.885976 p99=1.061149 max=1.066119
  time ms radial=74.4317 d14(coeff/struct/expand/solve)=0/0.767191/2.96539/58.9184 d14 inner(pre/dd/qf/validate)=13.1331/0/0.295972/0.241125 topology=79.7323 grid=0 arc=66.5992 pair=34.6984 endpoint=20.1919 f0=28.4227 K=8.87873 Kmid=0 rescue=31.287
  D14Real/screen/fold-seed ms=24.7771/0/0.108053
  D14 stage ms presearch/real/qf-polish/residual/completeness/physical/soft=13.1331/24.7771/0.295972/8.91465/0.227878/0.200783/0.300961 (validate inclusive=0.241125)
  event physical_real/complex/soft/chart_p4/rep=2036/1106/1106/96/0
  derived K reject rate=3.731% rescue_ms_per_call=0.001475 D14 solve ms/call=0.181847
